// Jest Snapshot v1, https://goo.gl/fbAQLP

exports[`validate allows you to specify your own npm scripts 1`] = `concurrently --kill-others-on-fail --prefix [{name}] --names specialbuild,specialtest,speciallint --prefix-colors bgBlue.bold.white,bgGreen.bold.white,bgMagenta.bold.white "npm run specialbuild --silent" "npm run specialtest --silent" "npm run speciallint --silent"`;

exports[`validate calls concurrently with all scripts 1`] = `concurrently --kill-others-on-fail --prefix [{name}] --names build,lint,test,typecheck --prefix-colors bgBlue.bold.white,bgGreen.bold.white,bgMagenta.bold.white,bgCyan.bold.white "npm run build --silent" "npm run lint --silent" "npm run test --silent -- --coverage" "npm run typecheck --silent"`;

exports[`validate does not include "build" if it doesn't have that script 1`] = `concurrently --kill-others-on-fail --prefix [{name}] --names lint,test,typecheck --prefix-colors bgBlue.bold.white,bgGreen.bold.white,bgMagenta.bold.white "npm run lint --silent" "npm run test --silent -- --coverage" "npm run typecheck --silent"`;

exports[`validate does not include "lint" if it doesn't have that script 1`] = `concurrently --kill-others-on-fail --prefix [{name}] --names build,test,typecheck --prefix-colors bgBlue.bold.white,bgGreen.bold.white,bgMagenta.bold.white "npm run build --silent" "npm run test --silent -- --coverage" "npm run typecheck --silent"`;

exports[`validate does not include "test" if it doesn't have that script 1`] = `concurrently --kill-others-on-fail --prefix [{name}] --names build,lint,typecheck --prefix-colors bgBlue.bold.white,bgGreen.bold.white,bgMagenta.bold.white "npm run build --silent" "npm run lint --silent" "npm run typecheck --silent"`;

exports[`validate does not include "typecheck" if it doesn't have that script 1`] = `concurrently --kill-others-on-fail --prefix [{name}] --names build,lint,test --prefix-colors bgBlue.bold.white,bgGreen.bold.white,bgMagenta.bold.white "npm run build --silent" "npm run lint --silent" "npm run test --silent -- --coverage"`;

exports[`validate doesn't use test or lint if it's in pre-commit 1`] = `concurrently --kill-others-on-fail --prefix [{name}] --names build,typecheck --prefix-colors bgBlue.bold.white,bgGreen.bold.white "npm run build --silent" "npm run typecheck --silent"`;

exports[`validate exits if there are no scripts to be run 1`] = ``;
